create table products (
    product_no integer,
    date timestamptz check (now() > '2025-03-01')
);
ERROR:  usage of non-immutable function in CHECK constraints are forbidden
\echo

create table products (
    product_no integer,
    name text check (name <> current_setting('request.name', true))
);
ERROR:  usage of non-immutable function in CHECK constraints are forbidden
