set role extensions_role;
\echo

-- can create a privileged extension
create extension hstore;
select '1=>2'::hstore;
  hstore  
----------
 "1"=>"2"
(1 row)

drop extension hstore;
\echo

-- per-extension custom scripts are run
select * from t2;
 column1 
---------
       1
(1 row)

reset role;
drop table t2;
set role extensions_role;
\echo

-- global extension custom scripts are run
create extension dict_xsyn;
NOTICE:  extname: dict_xsyn, extschema: <NULL>, extversion: <NULL>, extcascade: f
create extension insert_username version "1.0" schema public cascade;
NOTICE:  extname: insert_username, extschema: public, extversion: 1.0, extcascade: t
\echo

-- custom scripts are run even for superusers
reset role;
create extension hstore;
drop extension hstore;
select * from t2;
 column1 
---------
       1
(1 row)

drop table t2;
set role extensions_role;
\echo

-- cannot create other extensions
create extension file_fdw;
ERROR:  permission denied to create extension "file_fdw"
HINT:  Must be superuser to create this extension.
\echo

-- original role is restored on nested switch_to_superuser()
create extension autoinc;
select current_role;
  current_role   
-----------------
 extensions_role
(1 row)

\echo

-- can force sslinfo to be installed in pg_catalog
create extension sslinfo schema public;
select extnamespace::regnamespace from pg_extension where extname = 'sslinfo';
 extnamespace 
--------------
 pg_catalog
(1 row)

drop extension sslinfo;
\echo

-- switch to supautils.superuser even if superuser
reset role;
create role another_superuser superuser;
set role another_superuser;
create extension sslinfo;
select extowner::regrole from pg_extension where extname = 'sslinfo';
 extowner 
----------
 postgres
(1 row)

reset role;
drop extension sslinfo;
drop role another_superuser;
set role extensions_role;
\echo

-- can change extensions schema
create extension pageinspect;
select count(*) = 3 as extensions_in_public_schema
from information_schema.routines
where routine_name in ('page_header', 'heap_page_items', 'bt_metap')
and routine_schema = 'public';
 extensions_in_public_schema 
-----------------------------
 t
(1 row)

-- go back to postgres role for creating a new schema and switch to extensions_role again
reset role;
create schema xtens;
set role extensions_role;
\echo

-- now alter extension schema
alter extension pageinspect set schema xtens;
select count(*) = 3 as extensions_in_xtens_schema
from information_schema.routines
where routine_name in ('page_header', 'heap_page_items', 'bt_metap')
and routine_schema = 'xtens';
 extensions_in_xtens_schema 
----------------------------
 t
(1 row)

-- users can change tables schemas normally
reset role;
set role nonsuper;
create table public.qux();
create schema baz;
alter table public.qux set schema baz;
select * from baz.qux;
--
(0 rows)

